mulai 2026-10-02T11:27:51.1087117+07:00
repo=AfrizalBMM/ujion-tka-apps pr=29
sha exit=0 sha=f915113a4387054c46cefadd3ff3805ff03fac50
iter=0 status=function not defined: none/0
iter=1 status=function not defined: none/0
iter=2 status=function not defined: none/0
iter=3 status=function not defined: none/0
iter=4 status=function not defined: none/0
iter=5 status=function not defined: none/0
iter=6 status=function not defined: none/0
iter=7 status=function not defined: none/0
iter=8 status=function not defined: none/0
iter=9 status=function not defined: none/0
iter=10 status=function not defined: none/0
iter=11 status=function not defined: none/0
iter=12 status=function not defined: none/0
iter=13 status=function not defined: none/0
iter=14 status=function not defined: none/0
iter=15 status=function not defined: none/0
iter=16 status=function not defined: none/0
iter=17 status=function not defined: none/0
iter=18 status=function not defined: none/0
iter=19 status=function not defined: none/0
iter=20 status=function not defined: none/0
iter=21 status=function not defined: none/0
iter=22 status=function not defined: none/0
iter=23 status=function not defined: none/0
iter=24 status=function not defined: none/0
iter=25 status=function not defined: none/0
iter=26 status=function not defined: none/0
iter=27 status=function not defined: none/0
iter=28 status=function not defined: none/0
iter=29 status=function not defined: none/0
iter=30 status=function not defined: none/0
iter=31 status=function not defined: none/0
iter=32 status=function not defined: none/0
iter=33 status=function not defined: none/0
iter=34 status=function not defined: none/0
iter=35 status=function not defined: none/0
iter=36 status=function not defined: none/0
iter=37 status=function not defined: none/0
iter=38 status=function not defined: none/0
iter=39 status=function not defined: none/0
iter=40 status=function not defined: none/0
iter=41 status=function not defined: none/0
iter=42 status=function not defined: none/0
iter=43 status=function not defined: none/0
iter=44 status=function not defined: none/0
iter=45 status=function not defined: none/0
iter=46 status=function not defined: none/0
iter=47 status=function not defined: none/0
iter=48 status=function not defined: none/0
iter=49 status=function not defined: none/0
iter=50 status=function not defined: none/0
iter=51 status=function not defined: none/0
iter=52 status=function not defined: none/0
iter=53 status=function not defined: none/0
iter=54 status=function not defined: none/0
iter=55 status=function not defined: none/0
iter=56 status=function not defined: none/0
iter=57 status=function not defined: none/0
iter=58 status=function not defined: none/0
iter=59 status=function not defined: none/0
reason=timeout 15 menit menunggu CI
edit exit=0
comment exit=0
